// Jest Snapshot v1, https://goo.gl/fbAQLP

exports[`<Banner /> Deve renderizar o componente <Banner /> com o componente <Heading /> 1`] = `
.c0 {
  width: 100%;
  height: 100vh;
  background-image: url(/assets/img/slide-1.jpg);
  background-position: center;
  background-size: cover;
  text-align: center;
  display: -webkit-box;
  display: -webkit-flex;
  display: -ms-flexbox;
  display: flex;
  -webkit-flex-direction: column;
  -ms-flex-direction: column;
  flex-direction: column;
  -webkit-align-items: center;
  -webkit-box-align: center;
  -ms-flex-align: center;
  align-items: center;
  -webkit-box-pack: center;
  -webkit-justify-content: center;
  -ms-flex-pack: center;
  justify-content: center;
}

<div
  class="c0"
  src="/assets/img/slide-1.jpg"
>
  <div
    data-testid="Heading"
  />
</div>
`;
