// Jest Snapshot v1, https://goo.gl/fbAQLP

exports[`<BannerSlider /> Deve renderizar o componente <BannerSlider /> com a propriedade vertical 1`] = `
.c1 .slick-slider {
  position: relative;
  display: block;
  box-sizing: border-box;
  -webkit-user-select: none;
  -moz-user-select: none;
  -ms-user-select: none;
  -webkit-user-select: none;
  -moz-user-select: none;
  -ms-user-select: none;
  user-select: none;
  -webkit-touch-callout: none;
  -khtml-user-select: none;
  -ms-touch-action: pan-y;
  touch-action: pan-y;
  -webkit-tap-highlight-color: transparent;
}

.c1 .slick-list {
  position: relative;
  display: block;
  overflow: hidden;
  margin: 0;
  padding: 0;
}

.c1 .slick-list:focus {
  outline: none;
}

.c1 .slick-list.dragging {
  cursor: pointer;
  cursor: hand;
}

.c1 .slick-slider .slick-track,
.c1 .slick-slider .slick-list {
  -webkit-transform: translate3d(0,0,0);
  -moz-transform: translate3d(0,0,0);
  -ms-transform: translate3d(0,0,0);
  -o-transform: translate3d(0,0,0);
  -webkit-transform: translate3d(0,0,0);
  -ms-transform: translate3d(0,0,0);
  transform: translate3d(0,0,0);
}

.c1 .slick-track {
  position: relative;
  top: 0;
  left: 0;
  display: block;
}

.c1 .slick-track:before,
.c1 .slick-track:after {
  display: table;
  content: '';
}

.c1 .slick-track:after {
  clear: both;
}

.c1 .slick-loading .slick-track {
  visibility: hidden;
}

.c1 .slick-slide {
  display: none;
  float: left;
  height: 100%;
  min-height: 1px;
}

.c1 [dir='rtl'] .slick-slide {
  float: right;
}

.c1 .slick-slide img {
  display: block;
}

.c1 .slick-slide.slick-loading img {
  display: none;
}

.c1 .slick-slide.dragging img {
  pointer-events: none;
}

.c1 .slick-initialized .slick-slide {
  display: block;
}

.c1 .slick-loading .slick-slide {
  visibility: hidden;
}

.c1 .slick-vertical .slick-slide {
  display: block;
  height: auto;
}

.c1 .slick-arrow.slick-hidden {
  display: none;
}

.c0 {
  margin-bottom: calc(10rem / 2);
}

.c0 .slick-dots {
  position: absolute;
  list-style: none;
  display: -webkit-box !important;
  display: -webkit-flex !important;
  display: -ms-flexbox !important;
  display: flex !important;
  -webkit-align-items: center;
  -webkit-box-align: center;
  -ms-flex-align: center;
  align-items: center;
  -webkit-box-pack: center;
  -webkit-justify-content: center;
  -ms-flex-pack: center;
  justify-content: center;
  width: 100%;
  gap: 2.4rem;
  bottom: calc(100vh * 0.1);
}

.c0 .slick-dots li {
  position: relative;
  background: transparent;
  width: 1rem;
  height: 1rem;
  border: 0.1rem solid #1affea;
  border-radius: 0.1rem;
  -webkit-transform: rotate(45deg);
  -ms-transform: rotate(45deg);
  transform: rotate(45deg);
  display: -webkit-box;
  display: -webkit-flex;
  display: -ms-flexbox;
  display: flex;
  -webkit-align-items: center;
  -webkit-box-align: center;
  -ms-flex-align: center;
  align-items: center;
  -webkit-box-pack: center;
  -webkit-justify-content: center;
  -ms-flex-pack: center;
  justify-content: center;
  cursor: pointer;
  -webkit-transition: all linear 0.3s;
  transition: all linear 0.3s;
}

.c0 .slick-dots li:hover,
.c0 .slick-dots li:focus {
  background: #1affea;
}

.c0 .slick-dots li.slick-active {
  background: #1affea;
}

.c0 .slick-dots li.slick-active::after {
  content: '';
  position: absolute;
  background: transparent;
  width: calc(1rem * 1.4);
  height: calc(1rem * 1.4);
  border: 0.1rem solid #1affea;
  border-radius: 0.1rem;
  box-shadow: 0 0 0.5rem #1affea;
}

.c0 .slick-dots button {
  opacity: 0;
  width: 1rem;
  height: 1rem;
  cursor: pointer;
}

@media (min-width:768px) {
  .c0 {
    margin-bottom: 10rem;
  }
}

@media (min-width:1170px) {
  .c0 .slick-dots {
    position: absolute;
    right: 5rem;
    -webkit-flex-direction: column;
    -ms-flex-direction: column;
    flex-direction: column;
    width: -webkit-fit-content;
    width: -moz-fit-content;
    width: fit-content;
    height: 100%;
    top: 0;
  }
}

<main
  class="c0"
>
  <section
    class="c1"
  >
    <div
      class="slick-slider slick-vertical slick-initialized"
      dir="ltr"
    >
      <div
        class="slick-list"
        style="height: 0px;"
      >
        <div
          class="slick-track"
          style="opacity: 1; transform: translate3d(0px, 0px, 0px);"
        >
          <div
            aria-hidden="true"
            class="slick-slide slick-cloned"
            data-index="-1"
            style="width: 0px;"
            tabindex="-1"
          >
            <div>
              <div
                data-testid="Banner"
              />
            </div>
          </div>
          <div
            aria-hidden="false"
            class="slick-slide slick-active slick-current"
            data-index="0"
            style="outline: none; width: 0px;"
            tabindex="-1"
          >
            <div>
              <div
                data-testid="Banner"
              />
            </div>
          </div>
          <div
            aria-hidden="true"
            class="slick-slide"
            data-index="1"
            style="outline: none; width: 0px;"
            tabindex="-1"
          >
            <div>
              <div
                data-testid="Banner"
              />
            </div>
          </div>
          <div
            aria-hidden="true"
            class="slick-slide slick-cloned"
            data-index="2"
            style="width: 0px;"
            tabindex="-1"
          >
            <div>
              <div
                data-testid="Banner"
              />
            </div>
          </div>
          <div
            aria-hidden="true"
            class="slick-slide slick-cloned"
            data-index="3"
            style="width: 0px;"
            tabindex="-1"
          >
            <div>
              <div
                data-testid="Banner"
              />
            </div>
          </div>
        </div>
      </div>
      <ul
        class="slick-dots"
        style="display: block;"
      >
        <li
          class="slick-active"
        >
          <button>
            1
          </button>
        </li>
        <li
          class=""
        >
          <button>
            2
          </button>
        </li>
      </ul>
    </div>
  </section>
</main>
`;
