// Jest Snapshot v1, https://goo.gl/fbAQLP

exports[`<HeadingAbout /> Deve renderizar o componente <HeadingAbout /> 1`] = `
.c0 {
  display: -webkit-box;
  display: -webkit-flex;
  display: -ms-flexbox;
  display: flex;
  -webkit-align-items: center;
  -webkit-box-align: center;
  -ms-flex-align: center;
  align-items: center;
}

.c1 {
  width: 270px;
}

.c2 {
  color: #1affea;
  font-family: Dancing Script;
  font-weight: 500;
  text-align: center;
  font-size: 2.5rem;
  margin-bottom: 0.5rem;
}

.c3 {
  width: 100%;
  display: -webkit-box;
  display: -webkit-flex;
  display: -ms-flexbox;
  display: flex;
  -webkit-box-pack: center;
  -webkit-justify-content: center;
  -ms-flex-pack: center;
  justify-content: center;
  margin-bottom: 3.2rem;
}

.c4 {
  width: -webkit-fit-content;
  width: -moz-fit-content;
  width: fit-content;
  display: -webkit-box;
  display: -webkit-flex;
  display: -ms-flexbox;
  display: flex;
  -webkit-flex-direction: column;
  -ms-flex-direction: column;
  flex-direction: column;
  color: #FFFFFF;
  font-family: Abril Fatface;
  font-weight: 400;
  font-size: 3.0rem;
  text-align: center;
}

.c5 {
  width: calc(100% + 2rem);
  height: 0.2rem;
  border-radius: 0.2rem;
  background: rgba(255,255,255,0.3);
  margin-top: 0.5rem;
  margin-left: calc(-2rem / 2);
}

@media (min-width:450px) {
  .c1 {
    width: auto;
  }
}

@media (min-width:1025px) {
  .c2 {
    text-align: left;
  }
}

@media (min-width:768px) {
  .c2 {
    font-size: 4.5rem;
    margin-bottom: 1.6rem;
  }
}

@media (min-width:768px) {
  .c3 {
    margin-bottom: 8.0rem;
  }
}

@media (min-width:768px) {
  .c4 {
    font-size: 5.0rem;
    text-align: left;
  }
}

<div
  class="c0"
>
  <div
    class="c1"
  >
    <h1
      class="c2"
    >
      Olá Pessoal
    </h1>
    <div
      class="c3"
    >
      <h2
        class="c4"
      >
        Nós Somos a 98BarberShop
        <div
          aria-label="LineTitle"
          class="c5"
        />
      </h2>
    </div>
  </div>
</div>
`;
