// Jest Snapshot v1, https://goo.gl/fbAQLP

exports[`<Home /> Deve renderizar o componente <Home /> 1`] = `
.c0 {
  width: 100%;
  height: 7.2rem;
  z-index: 10;
  position: fixed;
  display: -webkit-box;
  display: -webkit-flex;
  display: -ms-flexbox;
  display: flex;
  -webkit-align-items: center;
  -webkit-box-align: center;
  -ms-flex-align: center;
  align-items: center;
  box-shadow: inset 0 -0.3rem 0 rgba(255,255,255,0.18);
  border-radius: 0 0 2rem 2rem;
}

.c0::before {
  content: '';
  position: absolute;
  top: 0;
  left: 0;
  right: 0;
  bottom: 0.3rem;
  border-radius: 0 0 2rem 2rem;
  background: rgba(0,0,0,0.3);
  -webkit-backdrop-filter: blur(1rem);
  backdrop-filter: blur(1rem);
}

.c1 {
  position: relative;
  width: 100%;
  height: 100%;
  list-style: none;
  display: -webkit-box;
  display: -webkit-flex;
  display: -ms-flexbox;
  display: flex;
  -webkit-align-items: center;
  -webkit-box-align: center;
  -ms-flex-align: center;
  align-items: center;
  -webkit-box-pack: justify;
  -webkit-justify-content: space-between;
  -ms-flex-pack: justify;
  justify-content: space-between;
  overflow-x: hidden;
  padding: 0 1.5rem;
}

.c3 {
  display: none;
}

.c10 {
  display: none;
}

.c8 {
  color: #FFFFFF;
  cursor: pointer;
  width: 7rem;
  height: 6rem;
}

.c11 {
  background: #080808;
  opacity: 0;
  pointer-events: none;
  -webkit-transition: 0.3s linear;
  transition: 0.3s linear;
  position: fixed;
  top: 0;
  left: 0;
  bottom: 0;
  right: calc(4.8rem + (1.5rem + 1.5rem));
  z-index: 20;
  color: white;
  display: -webkit-box;
  display: -webkit-flex;
  display: -ms-flexbox;
  display: flex;
  -webkit-align-items: center;
  -webkit-box-align: center;
  -ms-flex-align: center;
  align-items: center;
  -webkit-box-pack: center;
  -webkit-justify-content: center;
  -ms-flex-pack: center;
  justify-content: center;
  overflow-y: auto;
  overflow-x: hidden;
}

.c12 {
  width: 100%;
  display: -webkit-box;
  display: -webkit-flex;
  display: -ms-flexbox;
  display: flex;
  -webkit-flex-direction: column;
  -ms-flex-direction: column;
  flex-direction: column;
  -webkit-align-items: center;
  -webkit-box-align: center;
  -ms-flex-align: center;
  align-items: center;
  gap: 3.2rem;
}

.c13 {
  position: relative;
  list-style: none;
  text-align: center;
  display: -webkit-box;
  display: -webkit-flex;
  display: -ms-flexbox;
  display: flex;
  -webkit-box-pack: center;
  -webkit-justify-content: center;
  -ms-flex-pack: center;
  justify-content: center;
  color: #1affea;
}

.c13::after {
  content: '';
  position: absolute;
  justify-self: center;
  bottom: -0.5rem;
  height: 0.2rem;
  width: 100%;
  background: #1affea;
  box-shadow: 0 0 1rem #1affea;
  -webkit-transition: 0.3s linear;
  transition: 0.3s linear;
}

.c13:hover::after,
.c13:focus::after {
  width: 100%;
}

.c15 {
  position: relative;
  list-style: none;
  text-align: center;
  display: -webkit-box;
  display: -webkit-flex;
  display: -ms-flexbox;
  display: flex;
  -webkit-box-pack: center;
  -webkit-justify-content: center;
  -ms-flex-pack: center;
  justify-content: center;
  color: #FFFFFF;
}

.c15::after {
  content: '';
  position: absolute;
  justify-self: center;
  bottom: -0.5rem;
  height: 0.2rem;
  width: 0;
  background: #1affea;
  box-shadow: 0 0 1rem #1affea;
  -webkit-transition: 0.3s linear;
  transition: 0.3s linear;
}

.c15:hover::after,
.c15:focus::after {
  width: 100%;
}

.c14 {
  font-size: 1.8rem;
  font-weight: 300;
  padding: 0 1rem;
  -webkit-transition: 0.3s linear;
  transition: 0.3s linear;
}

.c14:hover,
.c14:focus {
  color: #1affea;
  cursor: pointer;
  text-shadow: 0 0 3rem rgba(26,255,234,0.2),0 0 1.5rem rgba(26,255,234,0.4),0 0 1rem rgba(26,255,234,0.4),0 0 5rem rgba(26,255,234,0.2);
}

.c2 {
  width: 100%;
  display: -webkit-box;
  display: -webkit-flex;
  display: -ms-flexbox;
  display: flex;
  -webkit-align-items: center;
  -webkit-box-align: center;
  -ms-flex-align: center;
  align-items: center;
  height: 100%;
}

.c9 {
  height: 0.3rem;
  position: absolute;
  bottom: 0;
  left: 0;
  background: #1affea;
  border-radius: 0.3rem;
  -webkit-transition: all 0.3s linear;
  transition: all 0.3s linear;
  box-shadow: 0 0 1rem #1affea;
}

.c4 {
  display: -webkit-box;
  display: -webkit-flex;
  display: -ms-flexbox;
  display: flex;
  gap: 4rem;
}

.c5 {
  list-style: none;
  color: #1affea;
  text-shadow: 0 0 1rem #1affea;
}

.c7 {
  list-style: none;
  color: #FFFFFF;
}

.c6 {
  -webkit-text-decoration: none;
  text-decoration: none;
  font-size: 1.6rem;
  -webkit-transition: 0.3s linear;
  transition: 0.3s linear;
  cursor: pointer;
}

.c6:hover,
.c6:focus {
  color: #1affea;
  text-shadow: 0 0 1rem #1affea;
  outline: none;
}

@media (min-width:769px) {
  .c0 {
    height: 10rem;
  }
}

@media (min-width:768px) {
  .c1 {
    -webkit-box-pack: center;
    -webkit-justify-content: center;
    -ms-flex-pack: center;
    justify-content: center;
    margin: 0;
  }
}

@media (min-width:769px) {
  .c3 {
    display: block;
  }
}

@media (max-width:768px) {
  .c10 {
    display: block;
  }
}

@media (min-width:1025px) {

}

@media (max-width:1024px) {

}

@media (min-width:1171px) {

}

@media (max-width:1170px) {

}

@media (min-width:769px) {
  .c8 {
    margin: 0 8.0rem;
  }
}

@media (max-width:768px) {
  .c8 {
    width: 4.8rem;
    height: 4rem;
  }
}

@media (min-width:769px) {

}

@media (min-width:769px) {
  .c2 {
    width: auto;
  }
}

@media (min-width:1170px) {

}

@media (min-width:768px) {

}

@media (min-width:768px) {

}

@media (min-width:768px) {

}

@media (min-width:768px) {

}

@media (min-width:1440px) {

}

@media (min-width:768px) {

}

@media (min-width:768px) {

}

@media (min-width:768px) {

}

@media (min-width:768px) {

}

@media (min-width:768px) {

}

@media (min-width:768px) {

}

@media (min-width:768px) {

}

@media (min-width:768px) {

}

@media (min-width:768px) {

}

@media (min-width:768px) {

}

@media (min-width:768px) {

}

@media (min-width:768px) {

}

@media (min-width:1170px) {

}

@media (min-width:450px) {

}

@media (min-width:1025px) {

}

@media (min-width:768px) {

}

@media (min-width:1025px) {

}

@media (min-width:1025px) {

}

@media (min-width:768px) {

}

@media (min-width:1025px) {

}

@media (min-width:1025px) {

}

@media (min-width:768px) {

}

@media (max-width:1024px) {

}

@media (min-width:768px) {

}

@media (max-width:1170px) {

}

@media (min-width:1024px) {

}

@media (min-width:1025px) {

}

@media (min-width:450px) {

}

@media (min-width:768px) {

}

@media (min-width:768px) {

}

@media (min-width:768px) {

}

@media (min-width:768px) {

}

@media (min-width:768px) {

}

@media (min-width:768px) {

}

@media (min-width:768px) {

}

@media (min-width:768px) {

}

@media (min-width:1170px) {

}

@media (min-width:1440px) {

}

@media (min-width:450px) {

}

@media (min-width:768px) {

}

@media (min-width:450px) {

}

@media (min-width:768px) {

}

@media (min-width:450px) {

}

@media (min-width:450px) {

}

@media (min-width:768px) {

}

@media (min-width:1170px) {

}

@media (min-width:1170px) {

}

@media (min-width:1170px) {

}

@media (min-width:768px) {

}

@media (min-width:768px) {

}

@media (min-width:1170px) {

}

@media (min-width:768px) {

}

@media (min-width:768px) {

}

@media (min-width:768px) {

}

@media (min-width:768px) {

}

@media (min-width:768px) {

}

@media (min-width:768px) {

}

<header
  class="c0"
>
  <ul
    class="c1"
  >
    <nav
      class="c2"
    >
      <div
        class="c3"
      >
        <ul
          class="c4"
        >
          <li
            class="c5"
          >
            <a
              aria-selected="true"
              class="c6"
            >
              Home
            </a>
          </li>
          <li
            class="c7"
          >
            <a
              aria-selected="false"
              class="c6"
            >
              Sobre
            </a>
          </li>
          <li
            class="c7"
          >
            <a
              aria-selected="false"
              class="c6"
            >
              Servi√ßos
            </a>
          </li>
        </ul>
      </div>
      <div
        class="c8"
        color="white"
      >
        <svg
          aria-label="98Barbershop"
          role="img"
          viewBox="0 0 168.27 141.21"
          xmlns="http://www.w3.org/2000/svg"
        >
          <g>
            <path
              d="M43.89 5H80.7c2.59 0 9.4 0 9.4 7.62 0 1.14 0 2.27-24.64 117.24-2.46 11.35-10.71 11.35-13.62 11.35H6.76A2.57 2.57 0 0 1 4 138.78c0-.16.16-.49 3.24-15.24a4.15 4.15 0 0 1 3.89-3.25h30.65l5-23.83H24.59c-2.59 0-9.4 0-9.4-7.63 0-1.13.16-2.27 14.92-72.48C32.54 5 41 5 43.89 5Zm10.22 20.92L43.4 75.7h7.79l10.7-49.78ZM158.86 5c2.6 0 9.41 0 9.41 7.62 0 1.14-.17 2.27-9.9 48.32-2.43 11.35-10.54 11.35-13.45 11.35l-.17.82c2.6 0 9.08 0 9.08 7.45 0 1.14-.16 2.44-10.05 49.3-2.43 11.35-10.86 11.35-13.78 11.35H92.7c-2.59 0-9.57 0-9.57-7.62 0-1.14.17-2.27 10.22-49.13 2.43-11.35 10.54-11.35 13.46-11.35l.16-.82c-2.59 0-9.08 0-9.08-7.45 0-1.14.16-2.44 9.89-48.49C110.21 5 118.65 5 121.57 5Zm-47.35 115.29h7.78l7.79-36.81h-7.79Zm12.16-57.56h7.79l7.94-36.81h-7.78Z"
              fill="currentColor"
            />
          </g>
          <g>
            <path
              d="M40.89 1H77.7c2.59 0 9.4 0 9.4 7.62 0 1.14 0 2.27-24.64 117.24-2.46 11.35-10.71 11.35-13.62 11.35H3.76A2.57 2.57 0 0 1 1 134.78c0-.16.16-.49 3.24-15.24a4.15 4.15 0 0 1 3.89-3.25h30.65l5-23.83H21.59c-2.59 0-9.4 0-9.4-7.63 0-1.13.16-2.27 14.92-72.48C29.54 1 38 1 40.89 1Zm10.22 20.92L40.4 71.7h7.79l10.7-49.78ZM155.86 1c2.6 0 9.41 0 9.41 7.62 0 1.14-.17 2.27-9.9 48.32-2.43 11.35-10.54 11.35-13.45 11.35l-.17.82c2.6 0 9.08 0 9.08 7.45 0 1.14-.16 2.44-10.05 49.3-2.43 11.35-10.86 11.35-13.78 11.35H89.7c-2.59 0-9.57 0-9.57-7.62 0-1.14.17-2.27 10.22-49.13 2.43-11.35 10.54-11.35 13.46-11.35l.16-.82c-2.59 0-9.08 0-9.08-7.45 0-1.14.16-2.44 9.89-48.49C107.21 1 115.65 1 118.57 1Zm-47.35 115.29h7.78l7.79-36.81h-7.79Zm12.16-57.56h7.79l7.94-36.81h-7.78Z"
              fill="none"
              stroke="#1affea"
              stroke-width="2px"
            />
          </g>
        </svg>
      </div>
      <div
        class="c3"
      >
        <ul
          class="c4"
        >
          <li
            class="c7"
          >
            <a
              aria-selected="false"
              class="c6"
            >
              Equipe
            </a>
          </li>
          <li
            class="c7"
          >
            <a
              aria-selected="false"
              class="c6"
            >
              Avalia√ß√µes
            </a>
          </li>
          <li
            class="c7"
          >
            <a
              aria-selected="false"
              class="c6"
            >
              FeedBack
            </a>
          </li>
        </ul>
        <span
          aria-label="Line"
          class="c9"
          style="width: 20px; transform: translateX(-10px);"
        />
      </div>
    </nav>
    <div
      class="c10"
    >
      <div
        aria-label="Abrir e Fechar"
        class="hamburger-react"
        role="button"
        style="cursor: pointer; height: 48px; position: relative; transition: 0.4s ease-out; user-select: none; width: 48px; outline: none; transform: none;"
        tabindex="0"
      >
        <div
          style="background: rgb(255, 255, 255); height: 3px; left: 9px; position: absolute; border-radius: 9em; width: 30px; top: 13px; transition: 0.4s ease-out; transform: none;"
        />
        <div
          style="background: rgb(255, 255, 255); height: 3px; left: 9px; position: absolute; border-radius: 9em; width: 30px; top: 23px; transition: 0.4s ease-out; transform: none;"
        />
        <div
          style="background: rgb(255, 255, 255); height: 3px; left: 9px; position: absolute; border-radius: 9em; width: 30px; top: 33px; transition: 0.4s ease-out; transform: none;"
        />
      </div>
      <div
        aria-hidden="true"
        aria-label="Menu Full"
        class="c11"
      >
        <ul
          class="c12"
        >
          <li
            class="c13"
          >
            <a
              aria-label="Home"
              class="c14"
            >
              Home
            </a>
          </li>
          <li
            class="c15"
          >
            <a
              aria-label="Sobre"
              class="c14"
            >
              Sobre
            </a>
          </li>
          <li
            class="c15"
          >
            <a
              aria-label="Servi√ßos"
              class="c14"
            >
              Servi√ßos
            </a>
          </li>
          <li
            class="c15"
          >
            <a
              aria-label="Equipe"
              class="c14"
            >
              Equipe
            </a>
          </li>
          <li
            class="c15"
          >
            <a
              aria-label="Opini√£o"
              class="c14"
            >
              Avalia√ß√µes
            </a>
          </li>
          <li
            class="c15"
          >
            <a
              aria-label="FeedBack"
              class="c14"
            >
              FeedBack
            </a>
          </li>
        </ul>
      </div>
    </div>
  </ul>
</header>
`;
