// Jest Snapshot v1, https://goo.gl/fbAQLP

exports[`<SelectGroup /> Deve renderizar o componente <SelectGroup /> 1`] = `
.c0 {
  width: 100%;
  max-width: 52rem;
  height: 5.3rem;
  padding-top: 0.5rem;
}

.c1 {
  color: #FFFFFF;
  font-family: Poppins,-apple-system,BlinkMacSystemFont,'Segoe UI',Roboto,Oxygen,Ubuntu,Cantarell,'Open Sans','Helvetica Neue',sans-serif;
  font-weight: 500;
  font-size: 1.4rem;
  line-height: 2.4rem;
}

.c2 {
  width: 100%;
  border: none;
  outline: none;
  resize: none;
  padding: 0.2rem;
  font-size: 1.4rem;
  font-family: Poppins,-apple-system,BlinkMacSystemFont,'Segoe UI',Roboto,Oxygen,Ubuntu,Cantarell,'Open Sans','Helvetica Neue',sans-serif;
  font-weight: 500;
  background-color: transparent;
  color: #FFFFFF;
  border-bottom: 3px solid #181818;
}

.c2 option {
  border: none;
  border: 0;
  color: #FFFFFF;
  background-color: #080808;
}

@media (min-width:768px) {
  .c1 {
    font-size: 1.6rem;
  }
}

<div
  class="c0"
>
  <label
    class="c1"
    for="recomendaria"
  >
    Recomendaria este serviço?
  </label>
  <select
    class="c2"
    id="recomendaria"
    name="recomendaria"
    role="combobox"
  >
    <option
      value=""
    >
      Nenhuma resposta selecionanda
    </option>
    <option
      value="true"
    >
      Sim
    </option>
    <option
      value="false"
    >
      Não
    </option>
  </select>
</div>
`;
