// Jest Snapshot v1, https://goo.gl/fbAQLP

exports[`<ServiceBox /> Deve renderizar o componente <ServiceBox /> 1`] = `
.c0 {
  width: -webkit-fit-content;
  width: -moz-fit-content;
  width: fit-content;
  display: -webkit-box;
  display: -webkit-flex;
  display: -ms-flexbox;
  display: flex;
  width: 100%;
  height: 100%;
  -webkit-flex-direction: column;
  -ms-flex-direction: column;
  flex-direction: column;
  gap: 4.0rem;
  padding: 4.0rem calc(4.0rem / 2);
  background: rgba(0,0,0,0.3);
  border: 0.3rem solid #FFFFFF;
  -webkit-backdrop-filter: blur(1rem);
  backdrop-filter: blur(1rem);
  border-radius: 1rem;
}

.c1 {
  display: -webkit-box;
  display: -webkit-flex;
  display: -ms-flexbox;
  display: flex;
  -webkit-flex-direction: column;
  -ms-flex-direction: column;
  flex-direction: column;
  gap: calc(4.0rem / 2);
}

.c2 {
  color: #FFFFFF;
}

.c3 {
  display: -webkit-box;
  display: -webkit-flex;
  display: -ms-flexbox;
  display: flex;
  -webkit-box-pack: justify;
  -webkit-justify-content: space-between;
  -ms-flex-pack: justify;
  justify-content: space-between;
  font-size: 1.4rem;
}

.c4 {
  font-size: 1.4rem;
  font-weight: 400;
}

.c5 {
  color: #1affea;
}

.c6 {
  font-size: 1.2rem;
  margin-top: 0.5rem;
}

@media (min-width:768px) {
  .c0 {
    gap: 8.0rem;
    padding: 8.0rem calc(4.0rem / 2);
    height: auto;
  }
}

@media (min-width:768px) {
  .c1 {
    gap: 3rem;
  }
}

<section
  class="c0"
>
  <div
    data-testid="Hair Icon"
  />
  <div
    class="c1"
  >
    <div
      class="c2"
    >
      <div
        class="c3"
      >
        <h5
          class="c4"
        >
          Corte de Cabelo Masculino
        </h5>
        <p
          class="c5"
        >
          R$ 40,00
        </p>
      </div>
      <div
        class="c6"
      >
        Realizado em qualquer tecnica de corte de cabelo, incluindo tesouras.
      </div>
    </div>
    <div
      class="c2"
    >
      <div
        class="c3"
      >
        <h5
          class="c4"
        >
          Corte de Cabelo Infantil
        </h5>
        <p
          class="c5"
        >
          R$ 30,00
        </p>
      </div>
      <div
        class="c6"
      >
        Realizado em qualquer tecnica de corte de cabelo, incluindo tesouras.
      </div>
    </div>
    <div
      class="c2"
    >
      <div
        class="c3"
      >
        <h5
          class="c4"
        >
          Cabe√ßa Raspada
        </h5>
        <p
          class="c5"
        >
          R$ 30,00
        </p>
      </div>
      <div
        class="c6"
      >
        Realizado em qualquer tecnica de corte de cabelo, incluindo tesouras.
      </div>
    </div>
  </div>
</section>
`;
