// Jest Snapshot v1, https://goo.gl/fbAQLP

exports[`<NavLinks /> Deve renderizar todos os componentes dentro do componente <NavLinks /> 1`] = `
.c1 {
  display: none;
}

.c0 {
  width: 100%;
  display: -webkit-box;
  display: -webkit-flex;
  display: -ms-flexbox;
  display: flex;
  -webkit-align-items: center;
  -webkit-box-align: center;
  -ms-flex-align: center;
  align-items: center;
  height: 100%;
}

.c6 {
  height: 0.3rem;
  position: absolute;
  bottom: 0;
  left: 0;
  background: #1affea;
  border-radius: 0.3rem;
  -webkit-transition: all 0.3s linear;
  transition: all 0.3s linear;
  box-shadow: 0 0 1rem #1affea;
}

.c2 {
  display: -webkit-box;
  display: -webkit-flex;
  display: -ms-flexbox;
  display: flex;
  gap: 4rem;
}

.c3 {
  list-style: none;
  color: #1affea;
  text-shadow: 0 0 1rem #1affea;
}

.c5 {
  list-style: none;
  color: #FFFFFF;
}

.c4 {
  -webkit-text-decoration: none;
  text-decoration: none;
  font-size: 1.6rem;
  -webkit-transition: 0.3s linear;
  transition: 0.3s linear;
  cursor: pointer;
}

.c4:hover,
.c4:focus {
  color: #1affea;
  text-shadow: 0 0 1rem #1affea;
  outline: none;
}

@media (min-width:769px) {
  .c1 {
    display: block;
  }
}

@media (min-width:769px) {
  .c0 {
    width: auto;
  }
}

<nav
  class="c0"
>
  <div
    class="c1"
  >
    <ul
      class="c2"
    >
      <li
        class="c3"
      >
        <a
          aria-selected="true"
          class="c4"
        >
          Home
        </a>
      </li>
      <li
        class="c5"
      >
        <a
          aria-selected="false"
          class="c4"
        >
          Sobre
        </a>
      </li>
      <li
        class="c5"
      >
        <a
          aria-selected="false"
          class="c4"
        >
          Serviços
        </a>
      </li>
    </ul>
  </div>
  <h1>
    Logo
  </h1>
  <div
    class="c1"
  >
    <ul
      class="c2"
    >
      <li
        class="c5"
      >
        <a
          aria-selected="false"
          class="c4"
        >
          Equipe
        </a>
      </li>
      <li
        class="c5"
      >
        <a
          aria-selected="false"
          class="c4"
        >
          Opinião
        </a>
      </li>
      <li
        class="c5"
      >
        <a
          aria-selected="false"
          class="c4"
        >
          FeedBack
        </a>
      </li>
    </ul>
    <span
      aria-label="Line"
      class="c6"
      style="width: 20px; transform: translateX(-10px);"
    />
  </div>
</nav>
`;
